<html>
<body>
<pre>
<h1>µVision Build Log</h1>
<h2>Tool Versions:</h2>
IDE-Version: µVision V5.29.0.0
Copyright (C) 2019 ARM Ltd and ARM Germany GmbH. All rights reserved.
License Information: Hung Nguyen, BKU, LIC=EXJHL-0F3V3-7RGX3-AGSC4-6CJL5-CEJTN
 
Tool Versions:
Toolchain:       MDK-ARM Plus  Version: 5.29.0.0
Toolchain Path:  D:\Programs\KEIL\ARM\ARMCC\Bin
C Compiler:      Armcc.exe V5.06 update 6 (build 750)
Assembler:       Armasm.exe V5.06 update 6 (build 750)
Linker/Locator:  ArmLink.exe V5.06 update 6 (build 750)
Library Manager: ArmAr.exe V5.06 update 6 (build 750)
Hex Converter:   FromElf.exe V5.06 update 6 (build 750)
CPU DLL:         SARMCM3.DLL V5.29.0.0
Dialog DLL:      DCM.DLL V1.17.3.0
Target DLL:      STLink\ST-LINKIII-KEIL_SWO.dll V3.0.7.0
Dialog DLL:      TCM.DLL V1.36.5.0
 
<h2>Project:</h2>
D:\Repository\LVTN\C projects\STM32F1\MDK-ARM\STM32F1_TEST.uvprojx
Project File Date:  06/23/2020

<h2>Output:</h2>
*** Using Compiler 'V5.06 update 6 (build 750)', folder: 'D:\Programs\KEIL\ARM\ARMCC\Bin'
Build target 'STM32F1_TEST'
assembling startup_stm32f103xb.s...
compiling main.c...
../Src/main.c(117): warning:  #188-D: enumerated type mixed with another type
  			HAL_GPIO_WritePin(IN1_GPIO_Port, IN1_Pin, 0);
../Src/main.c(118): warning:  #188-D: enumerated type mixed with another type
  			HAL_GPIO_WritePin(IN2_GPIO_Port, IN2_Pin, 0);
../Src/main.c(120): warning:  #188-D: enumerated type mixed with another type
  			HAL_GPIO_WritePin(IN3_GPIO_Port, IN3_Pin, 0);
../Src/main.c(121): warning:  #188-D: enumerated type mixed with another type
  			HAL_GPIO_WritePin(IN4_GPIO_Port, IN4_Pin, 0);
../Src/main.c(124): warning:  #188-D: enumerated type mixed with another type
  			HAL_GPIO_WritePin(IN1_GPIO_Port, IN1_Pin, 1);
../Src/main.c(125): warning:  #188-D: enumerated type mixed with another type
  			HAL_GPIO_WritePin(IN2_GPIO_Port, IN2_Pin, 0);
../Src/main.c(127): warning:  #188-D: enumerated type mixed with another type
  			HAL_GPIO_WritePin(IN3_GPIO_Port, IN3_Pin, 1);
../Src/main.c(128): warning:  #188-D: enumerated type mixed with another type
  			HAL_GPIO_WritePin(IN4_GPIO_Port, IN4_Pin, 0);
../Src/main.c(131): warning:  #188-D: enumerated type mixed with another type
  			HAL_GPIO_WritePin(IN1_GPIO_Port, IN1_Pin, 0);
../Src/main.c(132): warning:  #188-D: enumerated type mixed with another type
  			HAL_GPIO_WritePin(IN2_GPIO_Port, IN2_Pin, 1);
../Src/main.c(134): warning:  #188-D: enumerated type mixed with another type
  			HAL_GPIO_WritePin(IN3_GPIO_Port, IN3_Pin, 0);
../Src/main.c(135): warning:  #188-D: enumerated type mixed with another type
  			HAL_GPIO_WritePin(IN4_GPIO_Port, IN4_Pin, 1);
../Src/main.c(138): warning:  #188-D: enumerated type mixed with another type
  			HAL_GPIO_WritePin(IN1_GPIO_Port, IN1_Pin, 0);
../Src/main.c(139): warning:  #188-D: enumerated type mixed with another type
  			HAL_GPIO_WritePin(IN2_GPIO_Port, IN2_Pin, 0);
../Src/main.c(141): warning:  #188-D: enumerated type mixed with another type
  			HAL_GPIO_WritePin(IN3_GPIO_Port, IN3_Pin, 1);
../Src/main.c(142): warning:  #188-D: enumerated type mixed with another type
  			HAL_GPIO_WritePin(IN4_GPIO_Port, IN4_Pin, 0);
../Src/main.c(145): warning:  #188-D: enumerated type mixed with another type
  			HAL_GPIO_WritePin(IN1_GPIO_Port, IN1_Pin, 1);
../Src/main.c(146): warning:  #188-D: enumerated type mixed with another type
  			HAL_GPIO_WritePin(IN2_GPIO_Port, IN2_Pin, 0);
../Src/main.c(148): warning:  #188-D: enumerated type mixed with another type
  			HAL_GPIO_WritePin(IN3_GPIO_Port, IN3_Pin, 0);
../Src/main.c(149): warning:  #188-D: enumerated type mixed with another type
  			HAL_GPIO_WritePin(IN4_GPIO_Port, IN4_Pin, 0);
../Src/main.c(152): warning:  #188-D: enumerated type mixed with another type
  			HAL_GPIO_WritePin(IN1_GPIO_Port, IN1_Pin, 0);
../Src/main.c(153): warning:  #188-D: enumerated type mixed with another type
  			HAL_GPIO_WritePin(IN2_GPIO_Port, IN2_Pin, 0);
../Src/main.c(155): warning:  #188-D: enumerated type mixed with another type
  			HAL_GPIO_WritePin(IN3_GPIO_Port, IN3_Pin, 0);
../Src/main.c(156): warning:  #188-D: enumerated type mixed with another type
  			HAL_GPIO_WritePin(IN4_GPIO_Port, IN4_Pin, 1);
../Src/main.c(159): warning:  #188-D: enumerated type mixed with another type
  			HAL_GPIO_WritePin(IN1_GPIO_Port, IN1_Pin, 0);
../Src/main.c(160): warning:  #188-D: enumerated type mixed with another type
  			HAL_GPIO_WritePin(IN2_GPIO_Port, IN2_Pin, 1);
../Src/main.c(162): warning:  #188-D: enumerated type mixed with another type
  			HAL_GPIO_WritePin(IN3_GPIO_Port, IN3_Pin, 0);
../Src/main.c(163): warning:  #188-D: enumerated type mixed with another type
  			HAL_GPIO_WritePin(IN4_GPIO_Port, IN4_Pin, 0);
../Src/main.c: 28 warnings, 0 errors
compiling stm32f1xx_hal_gpio_ex.c...
compiling stm32f1xx_hal_msp.c...
compiling stm32f1xx_hal_rcc.c...
compiling stm32f1xx_it.c...
compiling stm32f1xx_hal.c...
compiling stm32f1xx_hal_tim_ex.c...
compiling stm32f1xx_hal_rcc_ex.c...
compiling stm32f1xx_hal_tim.c...
compiling stm32f1xx_hal_gpio.c...
compiling stm32f1xx_hal_cortex.c...
compiling stm32f1xx_hal_exti.c...
compiling stm32f1xx_hal_flash.c...
compiling stm32f1xx_hal_pwr.c...
compiling stm32f1xx_hal_dma.c...
compiling stm32f1xx_hal_flash_ex.c...
compiling system_stm32f1xx.c...
compiling stm32f1xx_hal_uart.c...
linking...
Program Size: Code=6696 RO-data=292 RW-data=28 ZI-data=1348  
FromELF: creating hex file...
"STM32F1_TEST\STM32F1_TEST.axf" - 0 Error(s), 28 Warning(s).

<h2>Software Packages used:</h2>

Package Vendor: ARM
                http://www.keil.com/pack/ARM.CMSIS.5.7.0.pack
                ARM.CMSIS.5.7.0
                CMSIS (Cortex Microcontroller Software Interface Standard)
   * Component: CORE Version: 5.4.0

Package Vendor: Keil
                http://www.keil.com/pack/Keil.STM32F1xx_DFP.2.3.0.pack
                Keil.STM32F1xx_DFP.2.3.0
                STMicroelectronics STM32F1 Series Device Support, Drivers and Examples

<h2>Collection of Component include folders:</h2>
  .\RTE\_STM32F1_TEST
  C:\Users\Hung\AppData\Local\Arm\Packs\ARM\CMSIS\5.7.0\CMSIS\Core\Include
  C:\Users\Hung\AppData\Local\Arm\Packs\Keil\STM32F1xx_DFP\2.3.0\Device\Include

<h2>Collection of Component Files used:</h2>

   * Component: ARM::CMSIS:CORE:5.4.0
Build Time Elapsed:  00:00:07
</pre>
</body>
</html>
