<html>
<body>
<pre>
<h1>µVision Build Log</h1>
<h2>Tool Versions:</h2>
IDE-Version: µVision V5.29.0.0
Copyright (C) 2019 ARM Ltd and ARM Germany GmbH. All rights reserved.
License Information: Hung Nguyen, BKU, LIC=EXJHL-0F3V3-7RGX3-AGSC4-6CJL5-CEJTN
 
Tool Versions:
Toolchain:       MDK-ARM Plus  Version: 5.29.0.0
Toolchain Path:  D:\Programs\KEIL\ARM\ARMCC\Bin
C Compiler:      Armcc.exe V5.06 update 6 (build 750)
Assembler:       Armasm.exe V5.06 update 6 (build 750)
Linker/Locator:  ArmLink.exe V5.06 update 6 (build 750)
Library Manager: ArmAr.exe V5.06 update 6 (build 750)
Hex Converter:   FromElf.exe V5.06 update 6 (build 750)
CPU DLL:         SARMCM3.DLL V5.29.0.0
Dialog DLL:      DCM.DLL V1.17.3.0
Target DLL:      STLink\ST-LINKIII-KEIL_SWO.dll V3.0.7.0
Dialog DLL:      TCM.DLL V1.36.5.0
 
<h2>Project:</h2>
D:\Repository\LVTN\C projects\STM32F1\MDK-ARM\STM32F1_TEST.uvprojx
Project File Date:  06/25/2020

<h2>Output:</h2>
*** Using Compiler 'V5.06 update 6 (build 750)', folder: 'D:\Programs\KEIL\ARM\ARMCC\Bin'
Build target 'STM32F1_TEST'
compiling main.c...
../Src/main.c(135): warning:  #188-D: enumerated type mixed with another type
  			motor_control(0, 0, 0, 0);
../Src/main.c(135): warning:  #188-D: enumerated type mixed with another type
  			motor_control(0, 0, 0, 0);
../Src/main.c(135): warning:  #188-D: enumerated type mixed with another type
  			motor_control(0, 0, 0, 0);
../Src/main.c(135): warning:  #188-D: enumerated type mixed with another type
  			motor_control(0, 0, 0, 0);
../Src/main.c(138): warning:  #188-D: enumerated type mixed with another type
  			motor_control(1, 0, 1, 0);
../Src/main.c(138): warning:  #188-D: enumerated type mixed with another type
  			motor_control(1, 0, 1, 0);
../Src/main.c(138): warning:  #188-D: enumerated type mixed with another type
  			motor_control(1, 0, 1, 0);
../Src/main.c(138): warning:  #188-D: enumerated type mixed with another type
  			motor_control(1, 0, 1, 0);
../Src/main.c(141): warning:  #188-D: enumerated type mixed with another type
  			motor_control(0, 1, 0, 1);
../Src/main.c(141): warning:  #188-D: enumerated type mixed with another type
  			motor_control(0, 1, 0, 1);
../Src/main.c(141): warning:  #188-D: enumerated type mixed with another type
  			motor_control(0, 1, 0, 1);
../Src/main.c(141): warning:  #188-D: enumerated type mixed with another type
  			motor_control(0, 1, 0, 1);
../Src/main.c(144): warning:  #188-D: enumerated type mixed with another type
  			motor_control(0, 0, 1, 0);
../Src/main.c(144): warning:  #188-D: enumerated type mixed with another type
  			motor_control(0, 0, 1, 0);
../Src/main.c(144): warning:  #188-D: enumerated type mixed with another type
  			motor_control(0, 0, 1, 0);
../Src/main.c(144): warning:  #188-D: enumerated type mixed with another type
  			motor_control(0, 0, 1, 0);
../Src/main.c(147): warning:  #188-D: enumerated type mixed with another type
  			motor_control(1, 0, 0, 0);
../Src/main.c(147): warning:  #188-D: enumerated type mixed with another type
  			motor_control(1, 0, 0, 0);
../Src/main.c(147): warning:  #188-D: enumerated type mixed with another type
  			motor_control(1, 0, 0, 0);
../Src/main.c(147): warning:  #188-D: enumerated type mixed with another type
  			motor_control(1, 0, 0, 0);
../Src/main.c(150): warning:  #188-D: enumerated type mixed with another type
  			motor_control(0, 0, 0, 1);
../Src/main.c(150): warning:  #188-D: enumerated type mixed with another type
  			motor_control(0, 0, 0, 1);
../Src/main.c(150): warning:  #188-D: enumerated type mixed with another type
  			motor_control(0, 0, 0, 1);
../Src/main.c(150): warning:  #188-D: enumerated type mixed with another type
  			motor_control(0, 0, 0, 1);
../Src/main.c(153): warning:  #188-D: enumerated type mixed with another type
  			motor_control(0, 1, 0, 0);
../Src/main.c(153): warning:  #188-D: enumerated type mixed with another type
  			motor_control(0, 1, 0, 0);
../Src/main.c(153): warning:  #188-D: enumerated type mixed with another type
  			motor_control(0, 1, 0, 0);
../Src/main.c(153): warning:  #188-D: enumerated type mixed with another type
  			motor_control(0, 1, 0, 0);
../Src/main.c: 28 warnings, 0 errors
linking...
Program Size: Code=7308 RO-data=292 RW-data=32 ZI-data=1344  
FromELF: creating hex file...
"STM32F1_TEST\STM32F1_TEST.axf" - 0 Error(s), 28 Warning(s).

<h2>Software Packages used:</h2>

Package Vendor: ARM
                http://www.keil.com/pack/ARM.CMSIS.5.7.0.pack
                ARM.CMSIS.5.7.0
                CMSIS (Cortex Microcontroller Software Interface Standard)
   * Component: CORE Version: 5.4.0

Package Vendor: Keil
                http://www.keil.com/pack/Keil.STM32F1xx_DFP.2.3.0.pack
                Keil.STM32F1xx_DFP.2.3.0
                STMicroelectronics STM32F1 Series Device Support, Drivers and Examples

<h2>Collection of Component include folders:</h2>
  .\RTE\_STM32F1_TEST
  C:\Users\Hung\AppData\Local\Arm\Packs\ARM\CMSIS\5.7.0\CMSIS\Core\Include
  C:\Users\Hung\AppData\Local\Arm\Packs\Keil\STM32F1xx_DFP\2.3.0\Device\Include

<h2>Collection of Component Files used:</h2>

   * Component: ARM::CMSIS:CORE:5.4.0
Build Time Elapsed:  00:00:01
</pre>
</body>
</html>
