<html>
<body>
<pre>
<h1>µVision Build Log</h1>
<h2>Tool Versions:</h2>
IDE-Version: µVision V5.29.0.0
Copyright (C) 2019 ARM Ltd and ARM Germany GmbH. All rights reserved.
License Information: Hung Nguyen, BKU, LIC=EXJHL-0F3V3-7RGX3-AGSC4-6CJL5-CEJTN
 
Tool Versions:
Toolchain:       MDK-ARM Plus  Version: 5.29.0.0
Toolchain Path:  D:\Programs\KEIL\ARM\ARMCC\Bin
C Compiler:      Armcc.exe V5.06 update 6 (build 750)
Assembler:       Armasm.exe V5.06 update 6 (build 750)
Linker/Locator:  ArmLink.exe V5.06 update 6 (build 750)
Library Manager: ArmAr.exe V5.06 update 6 (build 750)
Hex Converter:   FromElf.exe V5.06 update 6 (build 750)
CPU DLL:         SARMCM3.DLL V5.29.0.0
Dialog DLL:      DCM.DLL V1.17.3.0
Target DLL:      STLink\ST-LINKIII-KEIL_SWO.dll V3.0.7.0
Dialog DLL:      TCM.DLL V1.36.5.0
 
<h2>Project:</h2>
D:\Repository\LVTN\C projects\Test C ARM\MDK-ARM\TEST.uvprojx
Project File Date:  04/13/2020

<h2>Output:</h2>
*** Using Compiler 'V5.06 update 6 (build 750)', folder: 'D:\Programs\KEIL\ARM\ARMCC\Bin'
Build target 'TEST'
compiling main.c...
../Drivers/CMSIS/Device/ST/STM32F4xx/Include/stm32f407xx.h(52): warning:  #47-D: incompatible redefinition of macro "__FPU_PRESENT" 
  #define __FPU_PRESENT             1U       /*!< FPU present                                   */
../Src/main.c(109): warning:  #167-D: argument of type "volatile float *" is incompatible with parameter of type "float32_t *"
  	arm_mat_init_f32(&res, 20, 18, result);
../Src/main.c(112): warning:  #167-D: argument of type "volatile float *" is incompatible with parameter of type "float *"
  	hamming(ham, n);
../Src/main.c(113): warning:  #167-D: argument of type "volatile float *" is incompatible with parameter of type "float *"
    status1 = block_frames(frame, signal, ham, sizeof(signal)/sizeof(float), m, n);
../Src/main.c(114): warning:  #167-D: argument of type "volatile float *" is incompatible with parameter of type "float32_t *"
  	mel_filterbank(melb, 20, 256, 8000);
../Src/main.c(119): warning:  #167-D: argument of type "volatile float *" is incompatible with parameter of type "float *"
    dct_log_transform(outdct, indct,8);
../Src/main.c: 6 warnings, 0 errors
linking...
Program Size: Code=15832 RO-data=79056 RW-data=8036 ZI-data=58936  
FromELF: creating hex file...
"TEST\TEST.axf" - 0 Error(s), 6 Warning(s).

<h2>Software Packages used:</h2>

Package Vendor: ARM
                http://www.keil.com/pack/ARM.CMSIS.5.6.0.pack
                ARM.CMSIS.5.6.0
                CMSIS (Cortex Microcontroller Software Interface Standard)
   * Component: CORE Version: 5.3.0
   * Component: DSP Variant: Library Version: 1.7.0

Package Vendor: Keil
                http://www.keil.com/pack/Keil.STM32F4xx_DFP.2.14.0.pack
                Keil.STM32F4xx_DFP.2.14.0
                STMicroelectronics STM32F4 Series Device Support, Drivers and Examples

<h2>Collection of Component include folders:</h2>
  .\RTE\_TEST
  C:\Users\Hung\AppData\Local\Arm\Packs\ARM\CMSIS\5.6.0\CMSIS\Core\Include
  C:\Users\Hung\AppData\Local\Arm\Packs\ARM\CMSIS\5.6.0\CMSIS\DSP\Include
  C:\Users\Hung\AppData\Local\Arm\Packs\Keil\STM32F4xx_DFP\2.14.0\Drivers\CMSIS\Device\ST\STM32F4xx\Include

<h2>Collection of Component Files used:</h2>

   * Component: ARM::CMSIS:CORE:5.3.0

   * Component: ARM::CMSIS:DSP:Library:1.7.0
      Include file:  CMSIS\DSP\Include\arm_math.h
      Library file:  CMSIS\DSP\Lib\ARM\arm_cortexM4lf_math.lib
Build Time Elapsed:  00:00:02
</pre>
</body>
</html>
